// Jest Snapshot v1, https://goo.gl/fbAQLP

exports[`TeamInfos renders correctly 1`] = `
<div
  class="o-modal"
>
  <div
    class="teamInfos"
  >
    
    Your team is empty !
  
  </div>
   
  <div
    class="modal-backdrop"
  />
</div>
`;
